htmldocs\VSApps\digitalidCenter.htm
htmldocs\VSApps\ptaprefCenter.htm
htmldocs\VSApps\win2kCenter.htm
htmldocs\VSApps\client\relying_party.htm
htmldocs\VSApps\client\Xdisplay.htm
htmldocs\VSApps\client\cancel.htm
htmldocs\VSApps\client\certRevokeSuccess.htm
htmldocs\VSApps\client\checkLibraryMS.htm
htmldocs\VSApps\client\checkLibraryEncMS.htm
htmldocs\VSApps\client\checkLibraryDualMS.htm
htmldocs\VSApps\client\copyright.htm
htmldocs\VSApps\client\copyright.js
htmldocs\VSApps\client\env.js
htmldocs\VSApps\client\download.htm
htmldocs\VSApps\client\downloadComp.htm
htmldocs\VSApps\client\endOfSearch.htm
htmldocs\VSApps\client\enroll.htm
htmldocs\VSApps\client\importP12MS.htm
htmldocs\VSApps\client\exportP12MS.htm
htmldocs\VSApps\client\noChallenge.htm
htmldocs\VSApps\client\retrieve_id.htm
htmldocs\VSApps\client\userEnrollChkEMail.htm
htmldocs\VSApps\client\userEnrollMS.htm
htmldocs\VSApps\client\userInstallMS.htm
htmldocs\VSApps\client\userQueryResult.htm
htmldocs\VSApps\client\mspickup.htm
htmldocs\VSApps\client\noCertFound.htm
htmldocs\VSApps\client\revoke.htm
htmldocs\VSApps\client\revoke_start.htm
htmldocs\VSApps\client\revokeConfirm.htm
htmldocs\VSApps\client\search.htm
htmldocs\VSApps\client\enroll_wait.htm
htmldocs\VSApps\client\download.htm
htmldocs\VSApps\client\userRenewal.htm
htmldocs\VSApps\client\userRenewalEncMS.htm
htmldocs\VSApps\client\userRenewalSignMS.htm
htmldocs\VSApps\client\userRenewalInstallEncMS.htm
htmldocs\VSApps\client\userRenewalInstallJava.htm
htmldocs\VSApps\client\userRenewalMS.htm
htmldocs\VSApps\client\userRenewalPTS.htm
htmldocs\VSApps\client\userRenewalJava.htm
htmldocs\VSApps\client\userRenewalInstallMS.htm
htmldocs\VSApps\client\userRenewalInstallPTS.htm
htmldocs\VSApps\client\userRenewalCert.htm
htmldocs\VSApps\client\userRenewalCertMS.htm
htmldocs\VSApps\client\userRevokeResult.htm
htmldocs\VSApps\client\userEnrollDualMS.htm
htmldocs\VSApps\client\userEnrollEncMS.htm
htmldocs\VSApps\client\userGetEncMS.htm
htmldocs\VSApps\client\userInstallDualMS.htm
htmldocs\VSApps\client\userInstallEncMS.htm
htmldocs\VSApps\client\ExchangeFinal.htm
htmldocs\VSApps\client\changePasswdMS.htm

htmldocs\VSApps\client\KMPending.htm
htmldocs\VSApps\client\userEnrollChkEMail.htm
htmldocs\VSApps\client\server_update.htm
fdf\VSApps\client\userEnrollMS.fdf
fdf\VSApps\client\downloadMS.fdf
fdf\VSApps\client\userQuery.fdf
fdf\VSApps\client\userRenewalMS.fdf
fdf\VSApps\client\userRenewalPTS.fdf
fdf\VSApps\client\userRenewalEncMS.fdf
fdf\VSApps\client\userRenewalSignMS.fdf
fdf\VSApps\client\userRevokeAA.fdf
fdf\VSApps\client\userEnrollCSR.fdf
fdf\VSApps\client\userEnrollCSRMain.fdf
fdf\VSApps\client\userGetIDMS.fdf
fdf\VSApps\client\userGetIDJava.fdf
fdf\VSApps\client\userQueryResult.fdf
fdf\VSApps\client\userRevoke.fdf
fdf\VSApps\client\userEnrollDualMS.fdf
fdf\VSApps\client\userEnrollEncMS.fdf
fdf\VSApps\client\userGetEncMS.fdf
htmldocs\VSApps\client\userEnrollPTS.htm
fdf\VSApps\client\userEnrollPTS.fdf
fdf\VSApps\client\userEnrollPTSNS.fdf
htmldocs\VSApps\client\ptspickup.htm
fdf\VSApps\client\userGetIDPTS.fdf
htmldocs\VSApps\client\changePasswdPTS.htm
htmldocs\VSApps\client\changePasswdJava.htm
htmldocs\VSApps\client\userInstallPTS.htm
htmldocs\VSApps\client\userInstallSuccess.htm
htmldocs\VSApps\client\changePasswdSuccess.htm
htmldocs\VSApps\client\ptsCancel.htm
htmldocs\VSApps\client\resetPasswdMS.htm
htmldocs\VSApps\client\PrimeCredMS.htm
htmldocs\VSApps\client\removeCertsMS.htm
htmldocs\VSApps\client\userEnrollJava.htm
fdf\VSApps\client\userEnrollJava.fdf
htmldocs\VSApps\client\userInstallJava.htm
htmldocs\VSApps\client\javaPtapickup.htm
htmldocs\VSApps\client\userRenewalJava.htm
fdf\VSApps\client\userRenewalJava.fdf
htmldocs\VSApps\client\importP12NS.htm
htmldocs\VSApps\client\exportP12NS.htm
htmldocs\VSApps\client\userEnrollNS.htm
htmldocs\VSApps\client\userInstallNS.htm
htmldocs\VSApps\client\userInstallNSpta.htm
htmldocs\VSApps\client\nspickup.htm
htmldocs\VSApps\client\userRenewalEncNS.htm
htmldocs\VSApps\client\userRenewalSignNS.htm
htmldocs\VSApps\client\userRenewalInstallEncNSpta.htm
htmldocs\VSApps\client\userRenewalNS.htm
htmldocs\VSApps\client\userRenewalInstallNS.htm
htmldocs\VSApps\client\userRenewalInstallNSpta.htm
htmldocs\VSApps\client\userRenewalCertNS.htm
htmldocs\VSApps\client\userEnrollDualNS.htm
htmldocs\VSApps\client\userEnrollEncNS.htm
htmldocs\VSApps\client\userGetEncNS.htm
htmldocs\VSApps\client\userInstallDualNS.htm
htmldocs\VSApps\client\userInstallDualNSpta.htm
htmldocs\VSApps\client\userInstallEncNS.htm
htmldocs\VSApps\client\userInstallEncNSpta.htm
htmldocs\VSApps\client\getplugin.htm
htmldocs\VSApps\client\changePasswdNS.htm
fdf\VSApps\client\userEnrollNS.fdf
fdf\VSApps\client\downloadNS.fdf
fdf\VSApps\client\userRenewalNS.fdf
fdf\VSApps\client\userRenewalEncNS.fdf
fdf\VSApps\client\userRenewalSignNS.fdf
fdf\VSApps\client\userGetIDNS.fdf
fdf\VSApps\client\userEnrollDualNS.fdf
fdf\VSApps\client\userEnrollEncNS.fdf
fdf\VSApps\client\userGetEncNS.fdf
htmldocs\VSApps\client\installComponentForSP2.htm
htmldocs\VSApps\client\resetPasswdJava.htm
htmldocs\VSApps\jpta.html
htmldocs\VSApps\signTrans.html
htmldocs\VSApps\submitTransaction.html
htmldocs\VSApps\transient.html
htmldocs\VSApps\client\xpsp2.js
htmldocs\VSApps\client\createObject.js
htmldocs\VSApps\client\vsissuerdn2.vbs
htmldocs\VSApps\client\vsissuerdn2.js
